[dotenv@17.2.3] injecting env (10) from .env -- tip: ΓÜÖ∩╕Å  write to custom object with { processEnv: myObject }
Testing Blockchain Init...
Calling verifyingHash...
Web3 Version: 4.16.0
Connecting to RPC: http://127.0.0.1:7545
Private Key Length: 66
Account loaded: 0x906961055c385d84030Cb8d9676d739e535F7d69
Contract Address from Env: 0x471B8EAb2a5983A98Ef1D883E8861dBE2c800C6c
node : BLOCKCHAIN INIT FATAL ERROR: ReferenceError: 
artifact is not defined
At line:1 char:1
+ node test_init.js > test_log.txt 2>&1
+ ~~~~~~~~~~~~~~~~~~~~~~~~~~~~~~~~~~~~~
    + CategoryInfo          : NotSpecified: (BLOCKCHAIN  
   INIT... is not defined:String) [], RemoteException
    + FullyQualifiedErrorId : NativeCommandError
 
    at initBlockchain (C:\Users\shreeram\OneDrive\Desktop
\newdbms\server\utils\blockchain.js:67:42)
    at exports.verifyHash (C:\Users\shreeram\OneDrive\Des
ktop\newdbms\server\utils\blockchain.js:106:32)
    at C:\Users\shreeram\OneDrive\Desktop\newdbms\server\
test_init.js:14:26
    at Object.<anonymous> (C:\Users\shreeram\OneDrive\Des
ktop\newdbms\server\test_init.js:19:3)
    at Module._compile 
(node:internal/modules/cjs/loader:1761:14)
    at Object..js 
(node:internal/modules/cjs/loader:1893:10)
    at Module.load 
(node:internal/modules/cjs/loader:1481:32)
    at Module._load 
(node:internal/modules/cjs/loader:1300:12)
    at TracingChannel.traceSync 
(node:diagnostics_channel:328:14)
    at wrapModuleLoad 
(node:internal/modules/cjs/loader:245:24)
VerifyHash: Blockchain Init Failed: artifact is not 
defined
Test Failed: Error: Blockchain Service Unavailable
    at exports.verifyHash (C:\Users\shreeram\OneDrive\Des
ktop\newdbms\server\utils\blockchain.js:109:15)
    at process.processTicksAndRejections 
(node:internal/process/task_queues:103:5)
    at async C:\Users\shreeram\OneDrive\Desktop\newdbms\s
erver\test_init.js:14:9
